---
source: src/test.rs
expression: paused_stream
---
Stream {
    sender: Contract(CAAAAAAAAAAAAAAAAAAAAAAAAAAAAAAAAAAAAAAAAAAAAAAAAAAAHK3M),
    recipient: Contract(CAAAAAAAAAAAAAAAAAAAAAAAAAAAAAAAAAAAAAAAAAAAAAAAAAAAITA4),
    token: Contract(CDLDVFKHEZ2RVB3NG4UQA4VPD3TSHV6XMHXMHP2BSGCJ2IIWVTOHGDSG),
    total_amount: 1000,
    claimed_amount: 0,
    start_time: 1000,
    end_time: 2000,
    cliff_seconds: 0,
    canceled: false,
    paused: true,
    pause_started_at: Some(
        1500,
    ),
    metadata: None,
}
